---------------------------------------
Begin Slurm Prolog: Apr-23-2026 21:32:53
Job ID:    5055171
User ID:   ashukla301
Account:   coc
Job name:  soc_curaug
Partition: pace-cpu
QOS:       coe-ice
---------------------------------------
/var/lib/slurm/slurmd/job5055171/slurm_script: line 11: /home/hice1/ashukla301/miniconda3/etc/profile.d/conda.sh: No such file or directory

CondaError: Run 'conda init' before 'conda activate'

/home/hice1/ashukla301/.conda/envs/soccertwos/lib/python3.8/site-packages/ray/autoscaler/_private/cli_logger.py:57: FutureWarning: Not all Ray CLI dependencies were found. In Ray 1.4+, the Ray CLI, autoscaler, and dashboard will only be usable via `pip install 'ray[default]'`. Please update your install command.
  warnings.warn(
[2m[33m(raylet)[0m Traceback (most recent call last):
[2m[33m(raylet)[0m   File "/home/hice1/ashukla301/.conda/envs/soccertwos/lib/python3.8/site-packages/ray/new_dashboard/agent.py", line 338, in <module>
[2m[33m(raylet)[0m     raise e
[2m[33m(raylet)[0m   File "/home/hice1/ashukla301/.conda/envs/soccertwos/lib/python3.8/site-packages/ray/new_dashboard/agent.py", line 326, in <module>
[2m[33m(raylet)[0m     loop.run_until_complete(agent.run())
[2m[33m(raylet)[0m   File "/home/hice1/ashukla301/.conda/envs/soccertwos/lib/python3.8/asyncio/base_events.py", line 616, in run_until_complete
[2m[33m(raylet)[0m     return future.result()
[2m[33m(raylet)[0m   File "/home/hice1/ashukla301/.conda/envs/soccertwos/lib/python3.8/site-packages/ray/new_dashboard/agent.py", line 138, in run
[2m[33m(raylet)[0m     modules = self._load_modules()
[2m[33m(raylet)[0m   File "/home/hice1/ashukla301/.conda/envs/soccertwos/lib/python3.8/site-packages/ray/new_dashboard/agent.py", line 92, in _load_modules
[2m[33m(raylet)[0m     c = cls(self)
[2m[33m(raylet)[0m   File "/home/hice1/ashukla301/.conda/envs/soccertwos/lib/python3.8/site-packages/ray/new_dashboard/modules/reporter/reporter_agent.py", line 148, in __init__
[2m[33m(raylet)[0m     self._metrics_agent = MetricsAgent(dashboard_agent.metrics_export_port)
[2m[33m(raylet)[0m   File "/home/hice1/ashukla301/.conda/envs/soccertwos/lib/python3.8/site-packages/ray/_private/metrics_agent.py", line 75, in __init__
[2m[33m(raylet)[0m     prometheus_exporter.new_stats_exporter(
[2m[33m(raylet)[0m   File "/home/hice1/ashukla301/.conda/envs/soccertwos/lib/python3.8/site-packages/ray/_private/prometheus_exporter.py", line 333, in new_stats_exporter
[2m[33m(raylet)[0m     exporter = PrometheusStatsExporter(
[2m[33m(raylet)[0m   File "/home/hice1/ashukla301/.conda/envs/soccertwos/lib/python3.8/site-packages/ray/_private/prometheus_exporter.py", line 266, in __init__
[2m[33m(raylet)[0m     self.serve_http()
[2m[33m(raylet)[0m   File "/home/hice1/ashukla301/.conda/envs/soccertwos/lib/python3.8/site-packages/ray/_private/prometheus_exporter.py", line 320, in serve_http
[2m[33m(raylet)[0m     start_http_server(
[2m[33m(raylet)[0m   File "/home/hice1/ashukla301/.conda/envs/soccertwos/lib/python3.8/site-packages/prometheus_client/exposition.py", line 231, in start_wsgi_server
[2m[33m(raylet)[0m     TmpServer.address_family, addr = _get_best_family(addr, port)
[2m[33m(raylet)[0m   File "/home/hice1/ashukla301/.conda/envs/soccertwos/lib/python3.8/site-packages/prometheus_client/exposition.py", line 169, in _get_best_family
[2m[33m(raylet)[0m     infos = socket.getaddrinfo(address, port, type=socket.SOCK_STREAM, flags=socket.AI_PASSIVE)
[2m[33m(raylet)[0m   File "/home/hice1/ashukla301/.conda/envs/soccertwos/lib/python3.8/socket.py", line 930, in getaddrinfo
[2m[33m(raylet)[0m     for res in _socket.getaddrinfo(host, port, family, type, proto, flags):
[2m[33m(raylet)[0m socket.gaierror: [Errno -2] Name or service not known
[2m[33m(raylet)[0m /home/hice1/ashukla301/.conda/envs/soccertwos/lib/python3.8/site-packages/ray/autoscaler/_private/cli_logger.py:57: FutureWarning: Not all Ray CLI dependencies were found. In Ray 1.4+, the Ray CLI, autoscaler, and dashboard will only be usable via `pip install 'ray[default]'`. Please update your install command.
[2m[33m(raylet)[0m   warnings.warn(
[2m[33m(raylet)[0m Traceback (most recent call last):
[2m[33m(raylet)[0m   File "/home/hice1/ashukla301/.conda/envs/soccertwos/lib/python3.8/site-packages/ray/new_dashboard/agent.py", line 338, in <module>
[2m[33m(raylet)[0m     raise e
[2m[33m(raylet)[0m   File "/home/hice1/ashukla301/.conda/envs/soccertwos/lib/python3.8/site-packages/ray/new_dashboard/agent.py", line 326, in <module>
[2m[33m(raylet)[0m     loop.run_until_complete(agent.run())
[2m[33m(raylet)[0m   File "/home/hice1/ashukla301/.conda/envs/soccertwos/lib/python3.8/asyncio/base_events.py", line 616, in run_until_complete
[2m[33m(raylet)[0m     return future.result()
[2m[33m(raylet)[0m   File "/home/hice1/ashukla301/.conda/envs/soccertwos/lib/python3.8/site-packages/ray/new_dashboard/agent.py", line 138, in run
[2m[33m(raylet)[0m     modules = self._load_modules()
[2m[33m(raylet)[0m   File "/home/hice1/ashukla301/.conda/envs/soccertwos/lib/python3.8/site-packages/ray/new_dashboard/agent.py", line 92, in _load_modules
[2m[33m(raylet)[0m     c = cls(self)
[2m[33m(raylet)[0m   File "/home/hice1/ashukla301/.conda/envs/soccertwos/lib/python3.8/site-packages/ray/new_dashboard/modules/reporter/reporter_agent.py", line 148, in __init__
[2m[33m(raylet)[0m     self._metrics_agent = MetricsAgent(dashboard_agent.metrics_export_port)
[2m[33m(raylet)[0m   File "/home/hice1/ashukla301/.conda/envs/soccertwos/lib/python3.8/site-packages/ray/_private/metrics_agent.py", line 75, in __init__
[2m[33m(raylet)[0m     prometheus_exporter.new_stats_exporter(
[2m[33m(raylet)[0m   File "/home/hice1/ashukla301/.conda/envs/soccertwos/lib/python3.8/site-packages/ray/_private/prometheus_exporter.py", line 333, in new_stats_exporter
[2m[33m(raylet)[0m     exporter = PrometheusStatsExporter(
[2m[33m(raylet)[0m   File "/home/hice1/ashukla301/.conda/envs/soccertwos/lib/python3.8/site-packages/ray/_private/prometheus_exporter.py", line 266, in __init__
[2m[33m(raylet)[0m     self.serve_http()
[2m[33m(raylet)[0m   File "/home/hice1/ashukla301/.conda/envs/soccertwos/lib/python3.8/site-packages/ray/_private/prometheus_exporter.py", line 320, in serve_http
[2m[33m(raylet)[0m     start_http_server(
[2m[33m(raylet)[0m   File "/home/hice1/ashukla301/.conda/envs/soccertwos/lib/python3.8/site-packages/prometheus_client/exposition.py", line 231, in start_wsgi_server
[2m[33m(raylet)[0m     TmpServer.address_family, addr = _get_best_family(addr, port)
[2m[33m(raylet)[0m   File "/home/hice1/ashukla301/.conda/envs/soccertwos/lib/python3.8/site-packages/prometheus_client/exposition.py", line 169, in _get_best_family
[2m[33m(raylet)[0m     infos = socket.getaddrinfo(address, port, type=socket.SOCK_STREAM, flags=socket.AI_PASSIVE)
[2m[33m(raylet)[0m   File "/home/hice1/ashukla301/.conda/envs/soccertwos/lib/python3.8/socket.py", line 930, in getaddrinfo
[2m[33m(raylet)[0m     for res in _socket.getaddrinfo(host, port, family, type, proto, flags):
[2m[33m(raylet)[0m socket.gaierror: [Errno -2] Name or service not known
[2m[33m(raylet)[0m /home/hice1/ashukla301/.conda/envs/soccertwos/lib/python3.8/site-packages/ray/autoscaler/_private/cli_logger.py:57: FutureWarning: Not all Ray CLI dependencies were found. In Ray 1.4+, the Ray CLI, autoscaler, and dashboard will only be usable via `pip install 'ray[default]'`. Please update your install command.
[2m[33m(raylet)[0m   warnings.warn(
[2m[36m(pid=2856213)[0m 2026-04-23 21:33:19,696	ERROR worker.py:409 -- Exception raised in creation task: The actor died because of an error raised in its creation task, [36mray::RolloutWorker.__init__()[39m (pid=2856213, ip=172.27.149.220)
[2m[36m(pid=2856213)[0m OSError: [Errno 98] Address already in use
[2m[36m(pid=2856213)[0m 
[2m[36m(pid=2856213)[0m During handling of the above exception, another exception occurred:
[2m[36m(pid=2856213)[0m 
[2m[36m(pid=2856213)[0m [36mray::RolloutWorker.__init__()[39m (pid=2856213, ip=172.27.149.220)
[2m[36m(pid=2856213)[0m   File "python/ray/_raylet.pyx", line 490, in ray._raylet.execute_task
[2m[36m(pid=2856213)[0m   File "python/ray/_raylet.pyx", line 497, in ray._raylet.execute_task
[2m[36m(pid=2856213)[0m   File "python/ray/_raylet.pyx", line 501, in ray._raylet.execute_task
[2m[36m(pid=2856213)[0m   File "python/ray/_raylet.pyx", line 451, in ray._raylet.execute_task.function_executor
[2m[36m(pid=2856213)[0m   File "/home/hice1/ashukla301/.conda/envs/soccertwos/lib/python3.8/site-packages/ray/_private/function_manager.py", line 563, in actor_method_executor
[2m[36m(pid=2856213)[0m     return method(__ray_actor, *args, **kwargs)
[2m[36m(pid=2856213)[0m   File "/home/hice1/ashukla301/.conda/envs/soccertwos/lib/python3.8/site-packages/ray/rllib/evaluation/rollout_worker.py", line 384, in __init__
[2m[36m(pid=2856213)[0m     self.env = _validate_env(env_creator(env_context))
[2m[36m(pid=2856213)[0m   File "/storage/ice1/7/6/ashukla301/drl_soccertwos/soccer-twos-starter/soccer_augmented_obs.py", line 65, in create_augobs_env
[2m[36m(pid=2856213)[0m     env = soccer_twos.make(**env_config)
[2m[36m(pid=2856213)[0m   File "/home/hice1/ashukla301/.conda/envs/soccertwos/lib/python3.8/site-packages/soccer_twos/__init__.py", line 89, in make
[2m[36m(pid=2856213)[0m     unity_env = UnityEnvironment(
[2m[36m(pid=2856213)[0m   File "/home/hice1/ashukla301/.conda/envs/soccertwos/lib/python3.8/site-packages/mlagents_envs/environment.py", line 187, in __init__
[2m[36m(pid=2856213)[0m     self._communicator = self._get_communicator(worker_id, base_port, timeout_wait)
[2m[36m(pid=2856213)[0m   File "/home/hice1/ashukla301/.conda/envs/soccertwos/lib/python3.8/site-packages/mlagents_envs/environment.py", line 252, in _get_communicator
[2m[36m(pid=2856213)[0m     return RpcCommunicator(worker_id, base_port, timeout_wait)
[2m[36m(pid=2856213)[0m   File "/home/hice1/ashukla301/.conda/envs/soccertwos/lib/python3.8/site-packages/mlagents_envs/rpc_communicator.py", line 51, in __init__
[2m[36m(pid=2856213)[0m     self.create_server()
[2m[36m(pid=2856213)[0m   File "/home/hice1/ashukla301/.conda/envs/soccertwos/lib/python3.8/site-packages/mlagents_envs/rpc_communicator.py", line 57, in create_server
[2m[36m(pid=2856213)[0m     self.check_port(self.port)
[2m[36m(pid=2856213)[0m   File "/home/hice1/ashukla301/.conda/envs/soccertwos/lib/python3.8/site-packages/mlagents_envs/rpc_communicator.py", line 86, in check_port
[2m[36m(pid=2856213)[0m     raise UnityWorkerInUseException(self.worker_id)
[2m[36m(pid=2856213)[0m mlagents_envs.exception.UnityWorkerInUseException: Couldn't start socket communication because worker number 3 is still in use. You may need to manually close a previously opened environment or use a different worker number.
[2m[36m(pid=2856237)[0m 2026-04-23 21:33:19,722	ERROR worker.py:409 -- Exception raised in creation task: The actor died because of an error raised in its creation task, [36mray::PPO.__init__()[39m (pid=2856237, ip=172.27.149.220)
[2m[36m(pid=2856237)[0m   File "python/ray/_raylet.pyx", line 501, in ray._raylet.execute_task
[2m[36m(pid=2856237)[0m   File "python/ray/_raylet.pyx", line 451, in ray._raylet.execute_task.function_executor
[2m[36m(pid=2856237)[0m   File "/home/hice1/ashukla301/.conda/envs/soccertwos/lib/python3.8/site-packages/ray/_private/function_manager.py", line 563, in actor_method_executor
[2m[36m(pid=2856237)[0m     return method(__ray_actor, *args, **kwargs)
[2m[36m(pid=2856237)[0m   File "/home/hice1/ashukla301/.conda/envs/soccertwos/lib/python3.8/site-packages/ray/rllib/agents/trainer_template.py", line 123, in __init__
[2m[36m(pid=2856237)[0m     Trainer.__init__(self, config, env, logger_creator)
[2m[36m(pid=2856237)[0m   File "/home/hice1/ashukla301/.conda/envs/soccertwos/lib/python3.8/site-packages/ray/rllib/agents/trainer.py", line 548, in __init__
[2m[36m(pid=2856237)[0m     super().__init__(config, logger_creator)
[2m[36m(pid=2856237)[0m   File "/home/hice1/ashukla301/.conda/envs/soccertwos/lib/python3.8/site-packages/ray/tune/trainable.py", line 98, in __init__
[2m[36m(pid=2856237)[0m     self.setup(copy.deepcopy(self.config))
[2m[36m(pid=2856237)[0m   File "/home/hice1/ashukla301/.conda/envs/soccertwos/lib/python3.8/site-packages/ray/rllib/agents/trainer.py", line 709, in setup
[2m[36m(pid=2856237)[0m     self._init(self.config, self.env_creator)
[2m[36m(pid=2856237)[0m   File "/home/hice1/ashukla301/.conda/envs/soccertwos/lib/python3.8/site-packages/ray/rllib/agents/trainer_template.py", line 150, in _init
[2m[36m(pid=2856237)[0m     self.workers = self._make_workers(
[2m[36m(pid=2856237)[0m   File "/home/hice1/ashukla301/.conda/envs/soccertwos/lib/python3.8/site-packages/ray/rllib/agents/trainer.py", line 791, in _make_workers
[2m[36m(pid=2856237)[0m     return WorkerSet(
[2m[36m(pid=2856237)[0m   File "/home/hice1/ashukla301/.conda/envs/soccertwos/lib/python3.8/site-packages/ray/rllib/evaluation/worker_set.py", line 81, in __init__
[2m[36m(pid=2856237)[0m     remote_spaces = ray.get(self.remote_workers(
[2m[36m(pid=2856237)[0m   File "/home/hice1/ashukla301/.conda/envs/soccertwos/lib/python3.8/site-packages/ray/_private/client_mode_hook.py", line 62, in wrapper
[2m[36m(pid=2856237)[0m     return func(*args, **kwargs)
[2m[36m(pid=2856237)[0m ray.exceptions.RayActorError: The actor died because of an error raised in its creation task, [36mray::RolloutWorker.__init__()[39m (pid=2856213, ip=172.27.149.220)
[2m[36m(pid=2856237)[0m OSError: [Errno 98] Address already in use
[2m[36m(pid=2856237)[0m 
[2m[36m(pid=2856237)[0m During handling of the above exception, another exception occurred:
[2m[36m(pid=2856237)[0m 
[2m[36m(pid=2856237)[0m [36mray::RolloutWorker.__init__()[39m (pid=2856213, ip=172.27.149.220)
[2m[36m(pid=2856237)[0m   File "python/ray/_raylet.pyx", line 490, in ray._raylet.execute_task
[2m[36m(pid=2856237)[0m   File "python/ray/_raylet.pyx", line 497, in ray._raylet.execute_task
[2m[36m(pid=2856237)[0m   File "python/ray/_raylet.pyx", line 501, in ray._raylet.execute_task
[2m[36m(pid=2856237)[0m   File "python/ray/_raylet.pyx", line 451, in ray._raylet.execute_task.function_executor
[2m[36m(pid=2856237)[0m   File "/home/hice1/ashukla301/.conda/envs/soccertwos/lib/python3.8/site-packages/ray/_private/function_manager.py", line 563, in actor_method_executor
[2m[36m(pid=2856237)[0m     return method(__ray_actor, *args, **kwargs)
[2m[36m(pid=2856237)[0m   File "/home/hice1/ashukla301/.conda/envs/soccertwos/lib/python3.8/site-packages/ray/rllib/evaluation/rollout_worker.py", line 384, in __init__
[2m[36m(pid=2856237)[0m     self.env = _validate_env(env_creator(env_context))
[2m[36m(pid=2856237)[0m   File "/storage/ice1/7/6/ashukla301/drl_soccertwos/soccer-twos-starter/soccer_augmented_obs.py", line 65, in create_augobs_env
[2m[36m(pid=2856237)[0m     env = soccer_twos.make(**env_config)
[2m[36m(pid=2856237)[0m   File "/home/hice1/ashukla301/.conda/envs/soccertwos/lib/python3.8/site-packages/soccer_twos/__init__.py", line 89, in make
[2m[36m(pid=2856237)[0m     unity_env = UnityEnvironment(
[2m[36m(pid=2856237)[0m   File "/home/hice1/ashukla301/.conda/envs/soccertwos/lib/python3.8/site-packages/mlagents_envs/environment.py", line 187, in __init__
[2m[36m(pid=2856237)[0m     self._communicator = self._get_communicator(worker_id, base_port, timeout_wait)
[2m[36m(pid=2856237)[0m   File "/home/hice1/ashukla301/.conda/envs/soccertwos/lib/python3.8/site-packages/mlagents_envs/environment.py", line 252, in _get_communicator
[2m[36m(pid=2856237)[0m     return RpcCommunicator(worker_id, base_port, timeout_wait)
[2m[36m(pid=2856237)[0m   File "/home/hice1/ashukla301/.conda/envs/soccertwos/lib/python3.8/site-packages/mlagents_envs/rpc_communicator.py", line 51, in __init__
[2m[36m(pid=2856237)[0m     self.create_server()
[2m[36m(pid=2856237)[0m   File "/home/hice1/ashukla301/.conda/envs/soccertwos/lib/python3.8/site-packages/mlagents_envs/rpc_communicator.py", line 57, in create_server
[2m[36m(pid=2856237)[0m     self.check_port(self.port)
[2m[36m(pid=2856237)[0m   File "/home/hice1/ashukla301/.conda/envs/soccertwos/lib/python3.8/site-packages/mlagents_envs/rpc_communicator.py", line 86, in check_port
[2m[36m(pid=2856237)[0m     raise UnityWorkerInUseException(self.worker_id)
[2m[36m(pid=2856237)[0m mlagents_envs.exception.UnityWorkerInUseException: Couldn't start socket communication because worker number 3 is still in use. You may need to manually close a previously opened environment or use a different worker number.
[2m[36m(pid=2856226)[0m 2026-04-23 21:33:19,787	ERROR worker.py:409 -- Exception raised in creation task: The actor died because of an error raised in its creation task, [36mray::RolloutWorker.__init__()[39m (pid=2856226, ip=172.27.149.220)
[2m[36m(pid=2856226)[0m OSError: [Errno 98] Address already in use
[2m[36m(pid=2856226)[0m 
[2m[36m(pid=2856226)[0m During handling of the above exception, another exception occurred:
[2m[36m(pid=2856226)[0m 
[2m[36m(pid=2856226)[0m [36mray::RolloutWorker.__init__()[39m (pid=2856226, ip=172.27.149.220)
[2m[36m(pid=2856226)[0m   File "python/ray/_raylet.pyx", line 490, in ray._raylet.execute_task
[2m[36m(pid=2856226)[0m   File "python/ray/_raylet.pyx", line 497, in ray._raylet.execute_task
[2m[36m(pid=2856226)[0m   File "python/ray/_raylet.pyx", line 501, in ray._raylet.execute_task
[2m[36m(pid=2856226)[0m   File "python/ray/_raylet.pyx", line 451, in ray._raylet.execute_task.function_executor
[2m[36m(pid=2856226)[0m   File "/home/hice1/ashukla301/.conda/envs/soccertwos/lib/python3.8/site-packages/ray/_private/function_manager.py", line 563, in actor_method_executor
[2m[36m(pid=2856226)[0m     return method(__ray_actor, *args, **kwargs)
[2m[36m(pid=2856226)[0m   File "/home/hice1/ashukla301/.conda/envs/soccertwos/lib/python3.8/site-packages/ray/rllib/evaluation/rollout_worker.py", line 384, in __init__
[2m[36m(pid=2856226)[0m     self.env = _validate_env(env_creator(env_context))
[2m[36m(pid=2856226)[0m   File "/storage/ice1/7/6/ashukla301/drl_soccertwos/soccer-twos-starter/soccer_augmented_obs.py", line 65, in create_augobs_env
[2m[36m(pid=2856226)[0m     env = soccer_twos.make(**env_config)
[2m[36m(pid=2856226)[0m   File "/home/hice1/ashukla301/.conda/envs/soccertwos/lib/python3.8/site-packages/soccer_twos/__init__.py", line 89, in make
[2m[36m(pid=2856226)[0m     unity_env = UnityEnvironment(
[2m[36m(pid=2856226)[0m   File "/home/hice1/ashukla301/.conda/envs/soccertwos/lib/python3.8/site-packages/mlagents_envs/environment.py", line 187, in __init__
[2m[36m(pid=2856226)[0m     self._communicator = self._get_communicator(worker_id, base_port, timeout_wait)
[2m[36m(pid=2856226)[0m   File "/home/hice1/ashukla301/.conda/envs/soccertwos/lib/python3.8/site-packages/mlagents_envs/environment.py", line 252, in _get_communicator
[2m[36m(pid=2856226)[0m     return RpcCommunicator(worker_id, base_port, timeout_wait)
[2m[36m(pid=2856226)[0m   File "/home/hice1/ashukla301/.conda/envs/soccertwos/lib/python3.8/site-packages/mlagents_envs/rpc_communicator.py", line 51, in __init__
[2m[36m(pid=2856226)[0m     self.create_server()
[2m[36m(pid=2856226)[0m   File "/home/hice1/ashukla301/.conda/envs/soccertwos/lib/python3.8/site-packages/mlagents_envs/rpc_communicator.py", line 57, in create_server
[2m[36m(pid=2856226)[0m     self.check_port(self.port)
[2m[36m(pid=2856226)[0m   File "/home/hice1/ashukla301/.conda/envs/soccertwos/lib/python3.8/site-packages/mlagents_envs/rpc_communicator.py", line 86, in check_port
[2m[36m(pid=2856226)[0m     raise UnityWorkerInUseException(self.worker_id)
[2m[36m(pid=2856226)[0m mlagents_envs.exception.UnityWorkerInUseException: Couldn't start socket communication because worker number 15 is still in use. You may need to manually close a previously opened environment or use a different worker number.
[2m[36m(pid=2856234)[0m WARNING: All log messages before absl::InitializeLog() is called are written to STDERR
[2m[36m(pid=2856234)[0m I0000 00:00:1776994399.784495 2856234 fork_posix.cc:75] Other threads are currently calling into gRPC, skipping fork() handlers
[2m[36m(pid=2856244)[0m WARNING: All log messages before absl::InitializeLog() is called are written to STDERR
[2m[36m(pid=2856244)[0m I0000 00:00:1776994399.754327 2856244 fork_posix.cc:75] Other threads are currently calling into gRPC, skipping fork() handlers
[2m[36m(pid=2856215)[0m WARNING: All log messages before absl::InitializeLog() is called are written to STDERR
[2m[36m(pid=2856215)[0m I0000 00:00:1776994399.758762 2856215 fork_posix.cc:75] Other threads are currently calling into gRPC, skipping fork() handlers
[2m[36m(pid=2856247)[0m 2026-04-23 21:33:19,822	ERROR worker.py:409 -- Exception raised in creation task: The actor died because of an error raised in its creation task, [36mray::RolloutWorker.__init__()[39m (pid=2856247, ip=172.27.149.220)
[2m[36m(pid=2856247)[0m OSError: [Errno 98] Address already in use
[2m[36m(pid=2856247)[0m 
[2m[36m(pid=2856247)[0m During handling of the above exception, another exception occurred:
[2m[36m(pid=2856247)[0m 
[2m[36m(pid=2856247)[0m [36mray::RolloutWorker.__init__()[39m (pid=2856247, ip=172.27.149.220)
[2m[36m(pid=2856247)[0m   File "python/ray/_raylet.pyx", line 490, in ray._raylet.execute_task
[2m[36m(pid=2856247)[0m   File "python/ray/_raylet.pyx", line 497, in ray._raylet.execute_task
[2m[36m(pid=2856247)[0m   File "python/ray/_raylet.pyx", line 501, in ray._raylet.execute_task
[2m[36m(pid=2856247)[0m   File "python/ray/_raylet.pyx", line 451, in ray._raylet.execute_task.function_executor
[2m[36m(pid=2856247)[0m   File "/home/hice1/ashukla301/.conda/envs/soccertwos/lib/python3.8/site-packages/ray/_private/function_manager.py", line 563, in actor_method_executor
[2m[36m(pid=2856247)[0m     return method(__ray_actor, *args, **kwargs)
[2m[36m(pid=2856247)[0m   File "/home/hice1/ashukla301/.conda/envs/soccertwos/lib/python3.8/site-packages/ray/rllib/evaluation/rollout_worker.py", line 384, in __init__
[2m[36m(pid=2856247)[0m     self.env = _validate_env(env_creator(env_context))
[2m[36m(pid=2856247)[0m   File "/storage/ice1/7/6/ashukla301/drl_soccertwos/soccer-twos-starter/soccer_augmented_obs.py", line 65, in create_augobs_env
[2m[36m(pid=2856247)[0m     env = soccer_twos.make(**env_config)
[2m[36m(pid=2856247)[0m   File "/home/hice1/ashukla301/.conda/envs/soccertwos/lib/python3.8/site-packages/soccer_twos/__init__.py", line 89, in make
[2m[36m(pid=2856247)[0m     unity_env = UnityEnvironment(
[2m[36m(pid=2856247)[0m   File "/home/hice1/ashukla301/.conda/envs/soccertwos/lib/python3.8/site-packages/mlagents_envs/environment.py", line 187, in __init__
[2m[36m(pid=2856247)[0m     self._communicator = self._get_communicator(worker_id, base_port, timeout_wait)
[2m[36m(pid=2856247)[0m   File "/home/hice1/ashukla301/.conda/envs/soccertwos/lib/python3.8/site-packages/mlagents_envs/environment.py", line 252, in _get_communicator
[2m[36m(pid=2856247)[0m     return RpcCommunicator(worker_id, base_port, timeout_wait)
[2m[36m(pid=2856247)[0m   File "/home/hice1/ashukla301/.conda/envs/soccertwos/lib/python3.8/site-packages/mlagents_envs/rpc_communicator.py", line 51, in __init__
[2m[36m(pid=2856247)[0m     self.create_server()
[2m[36m(pid=2856247)[0m   File "/home/hice1/ashukla301/.conda/envs/soccertwos/lib/python3.8/site-packages/mlagents_envs/rpc_communicator.py", line 57, in create_server
[2m[36m(pid=2856247)[0m     self.check_port(self.port)
[2m[36m(pid=2856247)[0m   File "/home/hice1/ashukla301/.conda/envs/soccertwos/lib/python3.8/site-packages/mlagents_envs/rpc_communicator.py", line 86, in check_port
[2m[36m(pid=2856247)[0m     raise UnityWorkerInUseException(self.worker_id)
[2m[36m(pid=2856247)[0m mlagents_envs.exception.UnityWorkerInUseException: Couldn't start socket communication because worker number 9 is still in use. You may need to manually close a previously opened environment or use a different worker number.
[2m[36m(pid=2856242)[0m WARNING: All log messages before absl::InitializeLog() is called are written to STDERR
[2m[36m(pid=2856242)[0m I0000 00:00:1776994399.813188 2856242 fork_posix.cc:75] Other threads are currently calling into gRPC, skipping fork() handlers
[2m[36m(pid=2856239)[0m WARNING: All log messages before absl::InitializeLog() is called are written to STDERR
[2m[36m(pid=2856239)[0m I0000 00:00:1776994399.839357 2856239 fork_posix.cc:75] Other threads are currently calling into gRPC, skipping fork() handlers
[2m[36m(pid=2856213)[0m Error in atexit._run_exitfuncs:
[2m[36m(pid=2856213)[0m Traceback (most recent call last):
[2m[36m(pid=2856213)[0m   File "/home/hice1/ashukla301/.conda/envs/soccertwos/lib/python3.8/site-packages/mlagents_envs/environment.py", line 424, in _close
[2m[36m(pid=2856213)[0m     self._communicator.close()
[2m[36m(pid=2856213)[0m AttributeError: 'UnityEnvironment' object has no attribute '_communicator'
[2m[36m(pid=2856226)[0m Error in atexit._run_exitfuncs:
[2m[36m(pid=2856226)[0m Traceback (most recent call last):
[2m[36m(pid=2856226)[0m   File "/home/hice1/ashukla301/.conda/envs/soccertwos/lib/python3.8/site-packages/mlagents_envs/environment.py", line 424, in _close
[2m[36m(pid=2856226)[0m     self._communicator.close()
[2m[36m(pid=2856226)[0m AttributeError: 'UnityEnvironment' object has no attribute '_communicator'
[2m[33m(raylet)[0m Traceback (most recent call last):
[2m[33m(raylet)[0m   File "/home/hice1/ashukla301/.conda/envs/soccertwos/lib/python3.8/site-packages/ray/new_dashboard/agent.py", line 338, in <module>
[2m[33m(raylet)[0m     raise e
[2m[33m(raylet)[0m   File "/home/hice1/ashukla301/.conda/envs/soccertwos/lib/python3.8/site-packages/ray/new_dashboard/agent.py", line 326, in <module>
[2m[33m(raylet)[0m     loop.run_until_complete(agent.run())
[2m[33m(raylet)[0m   File "/home/hice1/ashukla301/.conda/envs/soccertwos/lib/python3.8/asyncio/base_events.py", line 616, in run_until_complete
[2m[33m(raylet)[0m     return future.result()
[2m[33m(raylet)[0m   File "/home/hice1/ashukla301/.conda/envs/soccertwos/lib/python3.8/site-packages/ray/new_dashboard/agent.py", line 138, in run
[2m[33m(raylet)[0m     modules = self._load_modules()
[2m[33m(raylet)[0m   File "/home/hice1/ashukla301/.conda/envs/soccertwos/lib/python3.8/site-packages/ray/new_dashboard/agent.py", line 92, in _load_modules
[2m[33m(raylet)[0m     c = cls(self)
[2m[33m(raylet)[0m   File "/home/hice1/ashukla301/.conda/envs/soccertwos/lib/python3.8/site-packages/ray/new_dashboard/modules/reporter/reporter_agent.py", line 148, in __init__
[2m[33m(raylet)[0m     self._metrics_agent = MetricsAgent(dashboard_agent.metrics_export_port)
[2m[33m(raylet)[0m   File "/home/hice1/ashukla301/.conda/envs/soccertwos/lib/python3.8/site-packages/ray/_private/metrics_agent.py", line 75, in __init__
[2m[33m(raylet)[0m     prometheus_exporter.new_stats_exporter(
[2m[33m(raylet)[0m   File "/home/hice1/ashukla301/.conda/envs/soccertwos/lib/python3.8/site-packages/ray/_private/prometheus_exporter.py", line 333, in new_stats_exporter
[2m[33m(raylet)[0m     exporter = PrometheusStatsExporter(
[2m[33m(raylet)[0m   File "/home/hice1/ashukla301/.conda/envs/soccertwos/lib/python3.8/site-packages/ray/_private/prometheus_exporter.py", line 266, in __init__
[2m[33m(raylet)[0m     self.serve_http()
[2m[33m(raylet)[0m   File "/home/hice1/ashukla301/.conda/envs/soccertwos/lib/python3.8/site-packages/ray/_private/prometheus_exporter.py", line 320, in serve_http
[2m[33m(raylet)[0m     start_http_server(
[2m[33m(raylet)[0m   File "/home/hice1/ashukla301/.conda/envs/soccertwos/lib/python3.8/site-packages/prometheus_client/exposition.py", line 231, in start_wsgi_server
[2m[33m(raylet)[0m     TmpServer.address_family, addr = _get_best_family(addr, port)
[2m[33m(raylet)[0m   File "/home/hice1/ashukla301/.conda/envs/soccertwos/lib/python3.8/site-packages/prometheus_client/exposition.py", line 169, in _get_best_family
[2m[33m(raylet)[0m     infos = socket.getaddrinfo(address, port, type=socket.SOCK_STREAM, flags=socket.AI_PASSIVE)
[2m[33m(raylet)[0m   File "/home/hice1/ashukla301/.conda/envs/soccertwos/lib/python3.8/socket.py", line 930, in getaddrinfo
[2m[33m(raylet)[0m     for res in _socket.getaddrinfo(host, port, family, type, proto, flags):
[2m[33m(raylet)[0m socket.gaierror: [Errno -2] Name or service not known
[2m[36m(pid=2856247)[0m Error in atexit._run_exitfuncs:
[2m[36m(pid=2856247)[0m Traceback (most recent call last):
[2m[36m(pid=2856247)[0m   File "/home/hice1/ashukla301/.conda/envs/soccertwos/lib/python3.8/site-packages/mlagents_envs/environment.py", line 424, in _close
[2m[36m(pid=2856247)[0m     self._communicator.close()
[2m[36m(pid=2856247)[0m AttributeError: 'UnityEnvironment' object has no attribute '_communicator'
[2m[36m(pid=2856234)[0m INFO:mlagents_envs.environment:Connected to Unity environment with package version 2.1.0-exp.1 and communication version 1.5.0
[2m[36m(pid=2856244)[0m INFO:mlagents_envs.environment:Connected to Unity environment with package version 2.1.0-exp.1 and communication version 1.5.0
[2m[36m(pid=2856215)[0m INFO:mlagents_envs.environment:Connected to Unity environment with package version 2.1.0-exp.1 and communication version 1.5.0
[2m[36m(pid=2856242)[0m INFO:mlagents_envs.environment:Connected to Unity environment with package version 2.1.0-exp.1 and communication version 1.5.0
[2m[36m(pid=2856239)[0m INFO:mlagents_envs.environment:Connected to Unity environment with package version 2.1.0-exp.1 and communication version 1.5.0
[2m[36m(pid=2856234)[0m INFO:mlagents_envs.environment:Connected new brain: SoccerTwos?team=1
[2m[36m(pid=2856234)[0m INFO:mlagents_envs.environment:Connected new brain: SoccerTwos?team=0
[2m[36m(pid=2856244)[0m INFO:mlagents_envs.environment:Connected new brain: SoccerTwos?team=1
[2m[36m(pid=2856244)[0m INFO:mlagents_envs.environment:Connected new brain: SoccerTwos?team=0
[2m[36m(pid=2856215)[0m INFO:mlagents_envs.environment:Connected new brain: SoccerTwos?team=1
[2m[36m(pid=2856215)[0m INFO:mlagents_envs.environment:Connected new brain: SoccerTwos?team=0
[2m[36m(pid=2856242)[0m INFO:mlagents_envs.environment:Connected new brain: SoccerTwos?team=1
[2m[36m(pid=2856242)[0m INFO:mlagents_envs.environment:Connected new brain: SoccerTwos?team=0
[2m[36m(pid=2856239)[0m INFO:mlagents_envs.environment:Connected new brain: SoccerTwos?team=1
[2m[36m(pid=2856239)[0m INFO:mlagents_envs.environment:Connected new brain: SoccerTwos?team=0
[2m[36m(pid=2856234)[0m 2026-04-23 21:33:20,990	INFO ppo_tf_policy.py:327 -- `vf_share_layers=True` in your model. Therefore, remember to tune the value of `vf_loss_coeff`!
[2m[36m(pid=2856244)[0m 2026-04-23 21:33:20,990	INFO ppo_tf_policy.py:327 -- `vf_share_layers=True` in your model. Therefore, remember to tune the value of `vf_loss_coeff`!
[2m[36m(pid=2856215)[0m 2026-04-23 21:33:20,990	INFO ppo_tf_policy.py:327 -- `vf_share_layers=True` in your model. Therefore, remember to tune the value of `vf_loss_coeff`!
[2m[36m(pid=2856242)[0m 2026-04-23 21:33:20,990	INFO ppo_tf_policy.py:327 -- `vf_share_layers=True` in your model. Therefore, remember to tune the value of `vf_loss_coeff`!
[2m[36m(pid=2856239)[0m 2026-04-23 21:33:20,990	INFO ppo_tf_policy.py:327 -- `vf_share_layers=True` in your model. Therefore, remember to tune the value of `vf_loss_coeff`!
[2m[36m(pid=2856234)[0m 2026-04-23 21:33:21,038	INFO torch_policy.py:134 -- TorchPolicy (worker=7) running on CPU.
[2m[36m(pid=2856244)[0m 2026-04-23 21:33:21,038	INFO torch_policy.py:134 -- TorchPolicy (worker=6) running on CPU.
[2m[36m(pid=2856215)[0m 2026-04-23 21:33:21,038	INFO torch_policy.py:134 -- TorchPolicy (worker=2) running on CPU.
[2m[36m(pid=2856242)[0m 2026-04-23 21:33:21,038	INFO torch_policy.py:134 -- TorchPolicy (worker=8) running on CPU.
[2m[36m(pid=2856239)[0m 2026-04-23 21:33:21,038	INFO torch_policy.py:134 -- TorchPolicy (worker=4) running on CPU.
[2m[36m(pid=2856244)[0m 2026-04-23 21:33:21,131	ERROR worker.py:409 -- Exception raised in creation task: The actor died because of an error raised in its creation task, [36mray::RolloutWorker.__init__()[39m (pid=2856244, ip=172.27.149.220)
[2m[36m(pid=2856244)[0m OSError: [Errno 98] Address already in use
[2m[36m(pid=2856244)[0m 
[2m[36m(pid=2856244)[0m During handling of the above exception, another exception occurred:
[2m[36m(pid=2856244)[0m 
[2m[36m(pid=2856244)[0m [36mray::RolloutWorker.__init__()[39m (pid=2856244, ip=172.27.149.220)
[2m[36m(pid=2856244)[0m   File "python/ray/_raylet.pyx", line 490, in ray._raylet.execute_task
[2m[36m(pid=2856244)[0m   File "python/ray/_raylet.pyx", line 497, in ray._raylet.execute_task
[2m[36m(pid=2856244)[0m   File "python/ray/_raylet.pyx", line 501, in ray._raylet.execute_task
[2m[36m(pid=2856244)[0m   File "python/ray/_raylet.pyx", line 451, in ray._raylet.execute_task.function_executor
[2m[36m(pid=2856244)[0m   File "/home/hice1/ashukla301/.conda/envs/soccertwos/lib/python3.8/site-packages/ray/_private/function_manager.py", line 563, in actor_method_executor
[2m[36m(pid=2856244)[0m     return method(__ray_actor, *args, **kwargs)
[2m[36m(pid=2856244)[0m   File "/home/hice1/ashukla301/.conda/envs/soccertwos/lib/python3.8/site-packages/ray/rllib/evaluation/rollout_worker.py", line 594, in __init__
[2m[36m(pid=2856244)[0m     self.async_env: BaseEnv = BaseEnv.to_base_env(
[2m[36m(pid=2856244)[0m   File "/home/hice1/ashukla301/.conda/envs/soccertwos/lib/python3.8/site-packages/ray/rllib/env/base_env.py", line 130, in to_base_env
[2m[36m(pid=2856244)[0m     env = VectorEnv.wrap(
[2m[36m(pid=2856244)[0m   File "/home/hice1/ashukla301/.conda/envs/soccertwos/lib/python3.8/site-packages/ray/rllib/env/vector_env.py", line 40, in wrap
[2m[36m(pid=2856244)[0m     return _VectorizedGymEnv(
[2m[36m(pid=2856244)[0m   File "/home/hice1/ashukla301/.conda/envs/soccertwos/lib/python3.8/site-packages/ray/rllib/env/vector_env.py", line 145, in __init__
[2m[36m(pid=2856244)[0m     self.envs.append(make_env(len(self.envs)))
[2m[36m(pid=2856244)[0m   File "/home/hice1/ashukla301/.conda/envs/soccertwos/lib/python3.8/site-packages/ray/rllib/evaluation/rollout_worker.py", line 469, in make_env
[2m[36m(pid=2856244)[0m     env_creator(
[2m[36m(pid=2856244)[0m   File "/storage/ice1/7/6/ashukla301/drl_soccertwos/soccer-twos-starter/soccer_augmented_obs.py", line 65, in create_augobs_env
[2m[36m(pid=2856244)[0m     env = soccer_twos.make(**env_config)
[2m[36m(pid=2856244)[0m   File "/home/hice1/ashukla301/.conda/envs/soccertwos/lib/python3.8/site-packages/soccer_twos/__init__.py", line 89, in make
[2m[36m(pid=2856244)[0m     unity_env = UnityEnvironment(
[2m[36m(pid=2856244)[0m   File "/home/hice1/ashukla301/.conda/envs/soccertwos/lib/python3.8/site-packages/mlagents_envs/environment.py", line 187, in __init__
[2m[36m(pid=2856244)[0m     self._communicator = self._get_communicator(worker_id, base_port, timeout_wait)
[2m[36m(pid=2856244)[0m   File "/home/hice1/ashukla301/.conda/envs/soccertwos/lib/python3.8/site-packages/mlagents_envs/environment.py", line 252, in _get_communicator
[2m[36m(pid=2856244)[0m     return RpcCommunicator(worker_id, base_port, timeout_wait)
[2m[36m(pid=2856244)[0m   File "/home/hice1/ashukla301/.conda/envs/soccertwos/lib/python3.8/site-packages/mlagents_envs/rpc_communicator.py", line 51, in __init__
[2m[36m(pid=2856244)[0m     self.create_server()
[2m[36m(pid=2856244)[0m   File "/home/hice1/ashukla301/.conda/envs/soccertwos/lib/python3.8/site-packages/mlagents_envs/rpc_communicator.py", line 57, in create_server
[2m[36m(pid=2856244)[0m     self.check_port(self.port)
[2m[36m(pid=2856244)[0m   File "/home/hice1/ashukla301/.conda/envs/soccertwos/lib/python3.8/site-packages/mlagents_envs/rpc_communicator.py", line 86, in check_port
[2m[36m(pid=2856244)[0m     raise UnityWorkerInUseException(self.worker_id)
[2m[36m(pid=2856244)[0m mlagents_envs.exception.UnityWorkerInUseException: Couldn't start socket communication because worker number 19 is still in use. You may need to manually close a previously opened environment or use a different worker number.
[2m[36m(pid=2856215)[0m 2026-04-23 21:33:21,130	ERROR worker.py:409 -- Exception raised in creation task: The actor died because of an error raised in its creation task, [36mray::RolloutWorker.__init__()[39m (pid=2856215, ip=172.27.149.220)
[2m[36m(pid=2856215)[0m OSError: [Errno 98] Address already in use
[2m[36m(pid=2856215)[0m 
[2m[36m(pid=2856215)[0m During handling of the above exception, another exception occurred:
[2m[36m(pid=2856215)[0m 
[2m[36m(pid=2856215)[0m [36mray::RolloutWorker.__init__()[39m (pid=2856215, ip=172.27.149.220)
[2m[36m(pid=2856215)[0m   File "python/ray/_raylet.pyx", line 490, in ray._raylet.execute_task
[2m[36m(pid=2856215)[0m   File "python/ray/_raylet.pyx", line 497, in ray._raylet.execute_task
[2m[36m(pid=2856215)[0m   File "python/ray/_raylet.pyx", line 501, in ray._raylet.execute_task
[2m[36m(pid=2856215)[0m   File "python/ray/_raylet.pyx", line 451, in ray._raylet.execute_task.function_executor
[2m[36m(pid=2856215)[0m   File "/home/hice1/ashukla301/.conda/envs/soccertwos/lib/python3.8/site-packages/ray/_private/function_manager.py", line 563, in actor_method_executor
[2m[36m(pid=2856215)[0m     return method(__ray_actor, *args, **kwargs)
[2m[36m(pid=2856215)[0m   File "/home/hice1/ashukla301/.conda/envs/soccertwos/lib/python3.8/site-packages/ray/rllib/evaluation/rollout_worker.py", line 594, in __init__
[2m[36m(pid=2856215)[0m     self.async_env: BaseEnv = BaseEnv.to_base_env(
[2m[36m(pid=2856215)[0m   File "/home/hice1/ashukla301/.conda/envs/soccertwos/lib/python3.8/site-packages/ray/rllib/env/base_env.py", line 130, in to_base_env
[2m[36m(pid=2856215)[0m     env = VectorEnv.wrap(
[2m[36m(pid=2856215)[0m   File "/home/hice1/ashukla301/.conda/envs/soccertwos/lib/python3.8/site-packages/ray/rllib/env/vector_env.py", line 40, in wrap
[2m[36m(pid=2856215)[0m     return _VectorizedGymEnv(
[2m[36m(pid=2856215)[0m   File "/home/hice1/ashukla301/.conda/envs/soccertwos/lib/python3.8/site-packages/ray/rllib/env/vector_env.py", line 145, in __init__
[2m[36m(pid=2856215)[0m     self.envs.append(make_env(len(self.envs)))
[2m[36m(pid=2856215)[0m   File "/home/hice1/ashukla301/.conda/envs/soccertwos/lib/python3.8/site-packages/ray/rllib/evaluation/rollout_worker.py", line 469, in make_env
[2m[36m(pid=2856215)[0m     env_creator(
[2m[36m(pid=2856215)[0m   File "/storage/ice1/7/6/ashukla301/drl_soccertwos/soccer-twos-starter/soccer_augmented_obs.py", line 65, in create_augobs_env
[2m[36m(pid=2856215)[0m     env = soccer_twos.make(**env_config)
[2m[36m(pid=2856215)[0m   File "/home/hice1/ashukla301/.conda/envs/soccertwos/lib/python3.8/site-packages/soccer_twos/__init__.py", line 89, in make
[2m[36m(pid=2856215)[0m     unity_env = UnityEnvironment(
[2m[36m(pid=2856215)[0m   File "/home/hice1/ashukla301/.conda/envs/soccertwos/lib/python3.8/site-packages/mlagents_envs/environment.py", line 187, in __init__
[2m[36m(pid=2856215)[0m     self._communicator = self._get_communicator(worker_id, base_port, timeout_wait)
[2m[36m(pid=2856215)[0m   File "/home/hice1/ashukla301/.conda/envs/soccertwos/lib/python3.8/site-packages/mlagents_envs/environment.py", line 252, in _get_communicator
[2m[36m(pid=2856215)[0m     return RpcCommunicator(worker_id, base_port, timeout_wait)
[2m[36m(pid=2856215)[0m   File "/home/hice1/ashukla301/.conda/envs/soccertwos/lib/python3.8/site-packages/mlagents_envs/rpc_communicator.py", line 51, in __init__
[2m[36m(pid=2856215)[0m     self.create_server()
[2m[36m(pid=2856215)[0m   File "/home/hice1/ashukla301/.conda/envs/soccertwos/lib/python3.8/site-packages/mlagents_envs/rpc_communicator.py", line 57, in create_server
[2m[36m(pid=2856215)[0m     self.check_port(self.port)
[2m[36m(pid=2856215)[0m   File "/home/hice1/ashukla301/.conda/envs/soccertwos/lib/python3.8/site-packages/mlagents_envs/rpc_communicator.py", line 86, in check_port
[2m[36m(pid=2856215)[0m     raise UnityWorkerInUseException(self.worker_id)
[2m[36m(pid=2856215)[0m mlagents_envs.exception.UnityWorkerInUseException: Couldn't start socket communication because worker number 7 is still in use. You may need to manually close a previously opened environment or use a different worker number.
[2m[36m(pid=2856215)[0m Error in atexit._run_exitfuncs:
[2m[36m(pid=2856215)[0m Traceback (most recent call last):
[2m[36m(pid=2856215)[0m   File "/home/hice1/ashukla301/.conda/envs/soccertwos/lib/python3.8/site-packages/mlagents_envs/environment.py", line 424, in _close
[2m[36m(pid=2856215)[0m     self._communicator.close()
[2m[36m(pid=2856215)[0m AttributeError: 'UnityEnvironment' object has no attribute '_communicator'
[2m[36m(pid=2856242)[0m 2026-04-23 21:33:21,140	ERROR worker.py:409 -- Exception raised in creation task: The actor died because of an error raised in its creation task, [36mray::RolloutWorker.__init__()[39m (pid=2856242, ip=172.27.149.220)
[2m[36m(pid=2856242)[0m OSError: [Errno 98] Address already in use
[2m[36m(pid=2856242)[0m 
[2m[36m(pid=2856242)[0m During handling of the above exception, another exception occurred:
[2m[36m(pid=2856242)[0m 
[2m[36m(pid=2856242)[0m [36mray::RolloutWorker.__init__()[39m (pid=2856242, ip=172.27.149.220)
[2m[36m(pid=2856242)[0m   File "python/ray/_raylet.pyx", line 490, in ray._raylet.execute_task
[2m[36m(pid=2856242)[0m   File "python/ray/_raylet.pyx", line 497, in ray._raylet.execute_task
[2m[36m(pid=2856242)[0m   File "python/ray/_raylet.pyx", line 501, in ray._raylet.execute_task
[2m[36m(pid=2856242)[0m   File "python/ray/_raylet.pyx", line 451, in ray._raylet.execute_task.function_executor
[2m[36m(pid=2856242)[0m   File "/home/hice1/ashukla301/.conda/envs/soccertwos/lib/python3.8/site-packages/ray/_private/function_manager.py", line 563, in actor_method_executor
[2m[36m(pid=2856242)[0m     return method(__ray_actor, *args, **kwargs)
[2m[36m(pid=2856242)[0m   File "/home/hice1/ashukla301/.conda/envs/soccertwos/lib/python3.8/site-packages/ray/rllib/evaluation/rollout_worker.py", line 594, in __init__
[2m[36m(pid=2856242)[0m     self.async_env: BaseEnv = BaseEnv.to_base_env(
[2m[36m(pid=2856242)[0m   File "/home/hice1/ashukla301/.conda/envs/soccertwos/lib/python3.8/site-packages/ray/rllib/env/base_env.py", line 130, in to_base_env
[2m[36m(pid=2856242)[0m     env = VectorEnv.wrap(
[2m[36m(pid=2856242)[0m   File "/home/hice1/ashukla301/.conda/envs/soccertwos/lib/python3.8/site-packages/ray/rllib/env/vector_env.py", line 40, in wrap
[2m[36m(pid=2856242)[0m     return _VectorizedGymEnv(
[2m[36m(pid=2856242)[0m   File "/home/hice1/ashukla301/.conda/envs/soccertwos/lib/python3.8/site-packages/ray/rllib/env/vector_env.py", line 145, in __init__
[2m[36m(pid=2856242)[0m     self.envs.append(make_env(len(self.envs)))
[2m[36m(pid=2856242)[0m   File "/home/hice1/ashukla301/.conda/envs/soccertwos/lib/python3.8/site-packages/ray/rllib/evaluation/rollout_worker.py", line 469, in make_env
[2m[36m(pid=2856242)[0m     env_creator(
[2m[36m(pid=2856242)[0m   File "/storage/ice1/7/6/ashukla301/drl_soccertwos/soccer-twos-starter/soccer_augmented_obs.py", line 65, in create_augobs_env
[2m[36m(pid=2856242)[0m     env = soccer_twos.make(**env_config)
[2m[36m(pid=2856242)[0m   File "/home/hice1/ashukla301/.conda/envs/soccertwos/lib/python3.8/site-packages/soccer_twos/__init__.py", line 89, in make
[2m[36m(pid=2856242)[0m     unity_env = UnityEnvironment(
[2m[36m(pid=2856242)[0m   File "/home/hice1/ashukla301/.conda/envs/soccertwos/lib/python3.8/site-packages/mlagents_envs/environment.py", line 187, in __init__
[2m[36m(pid=2856242)[0m     self._communicator = self._get_communicator(worker_id, base_port, timeout_wait)
[2m[36m(pid=2856242)[0m   File "/home/hice1/ashukla301/.conda/envs/soccertwos/lib/python3.8/site-packages/mlagents_envs/environment.py", line 252, in _get_communicator
[2m[36m(pid=2856242)[0m     return RpcCommunicator(worker_id, base_port, timeout_wait)
[2m[36m(pid=2856242)[0m   File "/home/hice1/ashukla301/.conda/envs/soccertwos/lib/python3.8/site-packages/mlagents_envs/rpc_communicator.py", line 51, in __init__
[2m[36m(pid=2856242)[0m     self.create_server()
[2m[36m(pid=2856242)[0m   File "/home/hice1/ashukla301/.conda/envs/soccertwos/lib/python3.8/site-packages/mlagents_envs/rpc_communicator.py", line 57, in create_server
[2m[36m(pid=2856242)[0m     self.check_port(self.port)
[2m[36m(pid=2856242)[0m   File "/home/hice1/ashukla301/.conda/envs/soccertwos/lib/python3.8/site-packages/mlagents_envs/rpc_communicator.py", line 86, in check_port
[2m[36m(pid=2856242)[0m     raise UnityWorkerInUseException(self.worker_id)
[2m[36m(pid=2856242)[0m mlagents_envs.exception.UnityWorkerInUseException: Couldn't start socket communication because worker number 25 is still in use. You may need to manually close a previously opened environment or use a different worker number.
[2m[36m(pid=2856239)[0m 2026-04-23 21:33:21,149	ERROR worker.py:409 -- Exception raised in creation task: The actor died because of an error raised in its creation task, [36mray::RolloutWorker.__init__()[39m (pid=2856239, ip=172.27.149.220)
[2m[36m(pid=2856239)[0m OSError: [Errno 98] Address already in use
[2m[36m(pid=2856239)[0m 
[2m[36m(pid=2856239)[0m During handling of the above exception, another exception occurred:
[2m[36m(pid=2856239)[0m 
[2m[36m(pid=2856239)[0m [36mray::RolloutWorker.__init__()[39m (pid=2856239, ip=172.27.149.220)
[2m[36m(pid=2856239)[0m   File "python/ray/_raylet.pyx", line 490, in ray._raylet.execute_task
[2m[36m(pid=2856239)[0m   File "python/ray/_raylet.pyx", line 497, in ray._raylet.execute_task
[2m[36m(pid=2856239)[0m   File "python/ray/_raylet.pyx", line 501, in ray._raylet.execute_task
[2m[36m(pid=2856239)[0m   File "python/ray/_raylet.pyx", line 451, in ray._raylet.execute_task.function_executor
[2m[36m(pid=2856239)[0m   File "/home/hice1/ashukla301/.conda/envs/soccertwos/lib/python3.8/site-packages/ray/_private/function_manager.py", line 563, in actor_method_executor
[2m[36m(pid=2856239)[0m     return method(__ray_actor, *args, **kwargs)
[2m[36m(pid=2856239)[0m   File "/home/hice1/ashukla301/.conda/envs/soccertwos/lib/python3.8/site-packages/ray/rllib/evaluation/rollout_worker.py", line 594, in __init__
[2m[36m(pid=2856239)[0m     self.async_env: BaseEnv = BaseEnv.to_base_env(
[2m[36m(pid=2856239)[0m   File "/home/hice1/ashukla301/.conda/envs/soccertwos/lib/python3.8/site-packages/ray/rllib/env/base_env.py", line 130, in to_base_env
[2m[36m(pid=2856239)[0m     env = VectorEnv.wrap(
[2m[36m(pid=2856239)[0m   File "/home/hice1/ashukla301/.conda/envs/soccertwos/lib/python3.8/site-packages/ray/rllib/env/vector_env.py", line 40, in wrap
[2m[36m(pid=2856239)[0m     return _VectorizedGymEnv(
[2m[36m(pid=2856239)[0m   File "/home/hice1/ashukla301/.conda/envs/soccertwos/lib/python3.8/site-packages/ray/rllib/env/vector_env.py", line 145, in __init__
[2m[36m(pid=2856239)[0m     self.envs.append(make_env(len(self.envs)))
[2m[36m(pid=2856239)[0m   File "/home/hice1/ashukla301/.conda/envs/soccertwos/lib/python3.8/site-packages/ray/rllib/evaluation/rollout_worker.py", line 469, in make_env
[2m[36m(pid=2856239)[0m     env_creator(
[2m[36m(pid=2856239)[0m   File "/storage/ice1/7/6/ashukla301/drl_soccertwos/soccer-twos-starter/soccer_augmented_obs.py", line 65, in create_augobs_env
[2m[36m(pid=2856239)[0m     env = soccer_twos.make(**env_config)
[2m[36m(pid=2856239)[0m   File "/home/hice1/ashukla301/.conda/envs/soccertwos/lib/python3.8/site-packages/soccer_twos/__init__.py", line 89, in make
[2m[36m(pid=2856239)[0m     unity_env = UnityEnvironment(
[2m[36m(pid=2856239)[0m   File "/home/hice1/ashukla301/.conda/envs/soccertwos/lib/python3.8/site-packages/mlagents_envs/environment.py", line 187, in __init__
[2m[36m(pid=2856239)[0m     self._communicator = self._get_communicator(worker_id, base_port, timeout_wait)
[2m[36m(pid=2856239)[0m   File "/home/hice1/ashukla301/.conda/envs/soccertwos/lib/python3.8/site-packages/mlagents_envs/environment.py", line 252, in _get_communicator
[2m[36m(pid=2856239)[0m     return RpcCommunicator(worker_id, base_port, timeout_wait)
[2m[36m(pid=2856239)[0m   File "/home/hice1/ashukla301/.conda/envs/soccertwos/lib/python3.8/site-packages/mlagents_envs/rpc_communicator.py", line 51, in __init__
[2m[36m(pid=2856239)[0m     self.create_server()
[2m[36m(pid=2856239)[0m   File "/home/hice1/ashukla301/.conda/envs/soccertwos/lib/python3.8/site-packages/mlagents_envs/rpc_communicator.py", line 57, in create_server
[2m[36m(pid=2856239)[0m     self.check_port(self.port)
[2m[36m(pid=2856239)[0m   File "/home/hice1/ashukla301/.conda/envs/soccertwos/lib/python3.8/site-packages/mlagents_envs/rpc_communicator.py", line 86, in check_port
[2m[36m(pid=2856239)[0m     raise UnityWorkerInUseException(self.worker_id)
[2m[36m(pid=2856239)[0m mlagents_envs.exception.UnityWorkerInUseException: Couldn't start socket communication because worker number 13 is still in use. You may need to manually close a previously opened environment or use a different worker number.
[2m[36m(pid=2856244)[0m Error in atexit._run_exitfuncs:
[2m[36m(pid=2856244)[0m Traceback (most recent call last):
[2m[36m(pid=2856244)[0m   File "/home/hice1/ashukla301/.conda/envs/soccertwos/lib/python3.8/site-packages/mlagents_envs/environment.py", line 424, in _close
[2m[36m(pid=2856244)[0m     self._communicator.close()
[2m[36m(pid=2856244)[0m AttributeError: 'UnityEnvironment' object has no attribute '_communicator'
[2m[36m(pid=2856242)[0m Error in atexit._run_exitfuncs:
[2m[36m(pid=2856242)[0m Traceback (most recent call last):
[2m[36m(pid=2856242)[0m   File "/home/hice1/ashukla301/.conda/envs/soccertwos/lib/python3.8/site-packages/mlagents_envs/environment.py", line 424, in _close
[2m[36m(pid=2856242)[0m     self._communicator.close()
[2m[36m(pid=2856242)[0m AttributeError: 'UnityEnvironment' object has no attribute '_communicator'
[2m[36m(pid=2856239)[0m Error in atexit._run_exitfuncs:
[2m[36m(pid=2856239)[0m Traceback (most recent call last):
[2m[36m(pid=2856239)[0m   File "/home/hice1/ashukla301/.conda/envs/soccertwos/lib/python3.8/site-packages/mlagents_envs/environment.py", line 424, in _close
[2m[36m(pid=2856239)[0m     self._communicator.close()
[2m[36m(pid=2856239)[0m AttributeError: 'UnityEnvironment' object has no attribute '_communicator'
[2m[36m(pid=2856234)[0m INFO:mlagents_envs.environment:Connected to Unity environment with package version 2.1.0-exp.1 and communication version 1.5.0
[2m[36m(pid=2856234)[0m INFO:mlagents_envs.environment:Connected new brain: SoccerTwos?team=1
[2m[36m(pid=2856234)[0m INFO:mlagents_envs.environment:Connected new brain: SoccerTwos?team=0
2026-04-23 21:33:22,346	ERROR trial_runner.py:748 -- Trial PPO_SoccerCurriculumAugObsSP_8cbd2_00000: Error processing event.
Traceback (most recent call last):
  File "/home/hice1/ashukla301/.conda/envs/soccertwos/lib/python3.8/site-packages/ray/tune/trial_runner.py", line 718, in _process_trial
    results = self.trial_executor.fetch_result(trial)
  File "/home/hice1/ashukla301/.conda/envs/soccertwos/lib/python3.8/site-packages/ray/tune/ray_trial_executor.py", line 688, in fetch_result
    result = ray.get(trial_future[0], timeout=DEFAULT_GET_TIMEOUT)
  File "/home/hice1/ashukla301/.conda/envs/soccertwos/lib/python3.8/site-packages/ray/_private/client_mode_hook.py", line 62, in wrapper
    return func(*args, **kwargs)
  File "/home/hice1/ashukla301/.conda/envs/soccertwos/lib/python3.8/site-packages/ray/worker.py", line 1496, in get
    raise value
ray.exceptions.RayActorError: The actor died because of an error raised in its creation task, [36mray::PPO.__init__()[39m (pid=2856237, ip=172.27.149.220)
  File "python/ray/_raylet.pyx", line 501, in ray._raylet.execute_task
  File "python/ray/_raylet.pyx", line 451, in ray._raylet.execute_task.function_executor
  File "/home/hice1/ashukla301/.conda/envs/soccertwos/lib/python3.8/site-packages/ray/_private/function_manager.py", line 563, in actor_method_executor
    return method(__ray_actor, *args, **kwargs)
  File "/home/hice1/ashukla301/.conda/envs/soccertwos/lib/python3.8/site-packages/ray/rllib/agents/trainer_template.py", line 123, in __init__
    Trainer.__init__(self, config, env, logger_creator)
  File "/home/hice1/ashukla301/.conda/envs/soccertwos/lib/python3.8/site-packages/ray/rllib/agents/trainer.py", line 548, in __init__
    super().__init__(config, logger_creator)
  File "/home/hice1/ashukla301/.conda/envs/soccertwos/lib/python3.8/site-packages/ray/tune/trainable.py", line 98, in __init__
    self.setup(copy.deepcopy(self.config))
  File "/home/hice1/ashukla301/.conda/envs/soccertwos/lib/python3.8/site-packages/ray/rllib/agents/trainer.py", line 709, in setup
    self._init(self.config, self.env_creator)
  File "/home/hice1/ashukla301/.conda/envs/soccertwos/lib/python3.8/site-packages/ray/rllib/agents/trainer_template.py", line 150, in _init
    self.workers = self._make_workers(
  File "/home/hice1/ashukla301/.conda/envs/soccertwos/lib/python3.8/site-packages/ray/rllib/agents/trainer.py", line 791, in _make_workers
    return WorkerSet(
  File "/home/hice1/ashukla301/.conda/envs/soccertwos/lib/python3.8/site-packages/ray/rllib/evaluation/worker_set.py", line 81, in __init__
    remote_spaces = ray.get(self.remote_workers(
  File "/home/hice1/ashukla301/.conda/envs/soccertwos/lib/python3.8/site-packages/ray/_private/client_mode_hook.py", line 62, in wrapper
    return func(*args, **kwargs)
ray.exceptions.RayActorError: The actor died because of an error raised in its creation task, [36mray::RolloutWorker.__init__()[39m (pid=2856213, ip=172.27.149.220)
OSError: [Errno 98] Address already in use

During handling of the above exception, another exception occurred:

[36mray::RolloutWorker.__init__()[39m (pid=2856213, ip=172.27.149.220)
  File "python/ray/_raylet.pyx", line 490, in ray._raylet.execute_task
  File "python/ray/_raylet.pyx", line 497, in ray._raylet.execute_task
  File "python/ray/_raylet.pyx", line 501, in ray._raylet.execute_task
  File "python/ray/_raylet.pyx", line 451, in ray._raylet.execute_task.function_executor
  File "/home/hice1/ashukla301/.conda/envs/soccertwos/lib/python3.8/site-packages/ray/_private/function_manager.py", line 563, in actor_method_executor
    return method(__ray_actor, *args, **kwargs)
  File "/home/hice1/ashukla301/.conda/envs/soccertwos/lib/python3.8/site-packages/ray/rllib/evaluation/rollout_worker.py", line 384, in __init__
    self.env = _validate_env(env_creator(env_context))
  File "/storage/ice1/7/6/ashukla301/drl_soccertwos/soccer-twos-starter/soccer_augmented_obs.py", line 65, in create_augobs_env
    env = soccer_twos.make(**env_config)
  File "/home/hice1/ashukla301/.conda/envs/soccertwos/lib/python3.8/site-packages/soccer_twos/__init__.py", line 89, in make
    unity_env = UnityEnvironment(
  File "/home/hice1/ashukla301/.conda/envs/soccertwos/lib/python3.8/site-packages/mlagents_envs/environment.py", line 187, in __init__
    self._communicator = self._get_communicator(worker_id, base_port, timeout_wait)
  File "/home/hice1/ashukla301/.conda/envs/soccertwos/lib/python3.8/site-packages/mlagents_envs/environment.py", line 252, in _get_communicator
    return RpcCommunicator(worker_id, base_port, timeout_wait)
  File "/home/hice1/ashukla301/.conda/envs/soccertwos/lib/python3.8/site-packages/mlagents_envs/rpc_communicator.py", line 51, in __init__
    self.create_server()
  File "/home/hice1/ashukla301/.conda/envs/soccertwos/lib/python3.8/site-packages/mlagents_envs/rpc_communicator.py", line 57, in create_server
    self.check_port(self.port)
  File "/home/hice1/ashukla301/.conda/envs/soccertwos/lib/python3.8/site-packages/mlagents_envs/rpc_communicator.py", line 86, in check_port
    raise UnityWorkerInUseException(self.worker_id)
mlagents_envs.exception.UnityWorkerInUseException: Couldn't start socket communication because worker number 3 is still in use. You may need to manually close a previously opened environment or use a different worker number.
[2m[36m(pid=2856234)[0m 2026-04-23 21:33:22,339	ERROR worker.py:409 -- Exception raised in creation task: The actor died because of an error raised in its creation task, [36mray::RolloutWorker.__init__()[39m (pid=2856234, ip=172.27.149.220)
[2m[36m(pid=2856234)[0m OSError: [Errno 98] Address already in use
[2m[36m(pid=2856234)[0m 
[2m[36m(pid=2856234)[0m During handling of the above exception, another exception occurred:
[2m[36m(pid=2856234)[0m 
[2m[36m(pid=2856234)[0m [36mray::RolloutWorker.__init__()[39m (pid=2856234, ip=172.27.149.220)
[2m[36m(pid=2856234)[0m   File "python/ray/_raylet.pyx", line 490, in ray._raylet.execute_task
[2m[36m(pid=2856234)[0m   File "python/ray/_raylet.pyx", line 497, in ray._raylet.execute_task
[2m[36m(pid=2856234)[0m   File "python/ray/_raylet.pyx", line 501, in ray._raylet.execute_task
[2m[36m(pid=2856234)[0m   File "python/ray/_raylet.pyx", line 451, in ray._raylet.execute_task.function_executor
[2m[36m(pid=2856234)[0m   File "/home/hice1/ashukla301/.conda/envs/soccertwos/lib/python3.8/site-packages/ray/_private/function_manager.py", line 563, in actor_method_executor
[2m[36m(pid=2856234)[0m     return method(__ray_actor, *args, **kwargs)
[2m[36m(pid=2856234)[0m   File "/home/hice1/ashukla301/.conda/envs/soccertwos/lib/python3.8/site-packages/ray/rllib/evaluation/rollout_worker.py", line 594, in __init__
[2m[36m(pid=2856234)[0m     self.async_env: BaseEnv = BaseEnv.to_base_env(
[2m[36m(pid=2856234)[0m   File "/home/hice1/ashukla301/.conda/envs/soccertwos/lib/python3.8/site-packages/ray/rllib/env/base_env.py", line 130, in to_base_env
[2m[36m(pid=2856234)[0m     env = VectorEnv.wrap(
[2m[36m(pid=2856234)[0m   File "/home/hice1/ashukla301/.conda/envs/soccertwos/lib/python3.8/site-packages/ray/rllib/env/vector_env.py", line 40, in wrap
[2m[36m(pid=2856234)[0m     return _VectorizedGymEnv(
[2m[36m(pid=2856234)[0m   File "/home/hice1/ashukla301/.conda/envs/soccertwos/lib/python3.8/site-packages/ray/rllib/env/vector_env.py", line 145, in __init__
[2m[36m(pid=2856234)[0m     self.envs.append(make_env(len(self.envs)))
[2m[36m(pid=2856234)[0m   File "/home/hice1/ashukla301/.conda/envs/soccertwos/lib/python3.8/site-packages/ray/rllib/evaluation/rollout_worker.py", line 469, in make_env
[2m[36m(pid=2856234)[0m     env_creator(
[2m[36m(pid=2856234)[0m   File "/storage/ice1/7/6/ashukla301/drl_soccertwos/soccer-twos-starter/soccer_augmented_obs.py", line 65, in create_augobs_env
[2m[36m(pid=2856234)[0m     env = soccer_twos.make(**env_config)
[2m[36m(pid=2856234)[0m   File "/home/hice1/ashukla301/.conda/envs/soccertwos/lib/python3.8/site-packages/soccer_twos/__init__.py", line 89, in make
[2m[36m(pid=2856234)[0m     unity_env = UnityEnvironment(
[2m[36m(pid=2856234)[0m   File "/home/hice1/ashukla301/.conda/envs/soccertwos/lib/python3.8/site-packages/mlagents_envs/environment.py", line 187, in __init__
[2m[36m(pid=2856234)[0m     self._communicator = self._get_communicator(worker_id, base_port, timeout_wait)
[2m[36m(pid=2856234)[0m   File "/home/hice1/ashukla301/.conda/envs/soccertwos/lib/python3.8/site-packages/mlagents_envs/environment.py", line 252, in _get_communicator
[2m[36m(pid=2856234)[0m     return RpcCommunicator(worker_id, base_port, timeout_wait)
[2m[36m(pid=2856234)[0m   File "/home/hice1/ashukla301/.conda/envs/soccertwos/lib/python3.8/site-packages/mlagents_envs/rpc_communicator.py", line 51, in __init__
[2m[36m(pid=2856234)[0m     self.create_server()
[2m[36m(pid=2856234)[0m   File "/home/hice1/ashukla301/.conda/envs/soccertwos/lib/python3.8/site-packages/mlagents_envs/rpc_communicator.py", line 57, in create_server
[2m[36m(pid=2856234)[0m     self.check_port(self.port)
[2m[36m(pid=2856234)[0m   File "/home/hice1/ashukla301/.conda/envs/soccertwos/lib/python3.8/site-packages/mlagents_envs/rpc_communicator.py", line 86, in check_port
[2m[36m(pid=2856234)[0m     raise UnityWorkerInUseException(self.worker_id)
[2m[36m(pid=2856234)[0m mlagents_envs.exception.UnityWorkerInUseException: Couldn't start socket communication because worker number 23 is still in use. You may need to manually close a previously opened environment or use a different worker number.
[2m[36m(pid=2856234)[0m Error in atexit._run_exitfuncs:
[2m[36m(pid=2856234)[0m Traceback (most recent call last):
[2m[36m(pid=2856234)[0m   File "/home/hice1/ashukla301/.conda/envs/soccertwos/lib/python3.8/site-packages/mlagents_envs/environment.py", line 424, in _close
[2m[36m(pid=2856234)[0m     self._communicator.close()
[2m[36m(pid=2856234)[0m AttributeError: 'UnityEnvironment' object has no attribute '_communicator'
== Status ==
Memory usage on this node: 8.7/187.1 GiB
Using FIFO scheduling algorithm.
Resources requested: 0/24 CPUs, 0/0 GPUs, 0.0/117.32 GiB heap, 0.0/54.27 GiB objects
Result logdir: /storage/ice1/7/6/ashukla301/drl_soccertwos/soccer-twos-starter/ray_results/PPO_SP_AUGOBS_CURRICULUM
Number of trials: 1/1 (1 PENDING)
+------------------------------------------+----------+-------+
| Trial name                               | status   | loc   |
|------------------------------------------+----------+-------|
| PPO_SoccerCurriculumAugObsSP_8cbd2_00000 | PENDING  |       |
+------------------------------------------+----------+-------+


[2m[36m(pid=2856234)[0m [INFO] Connected to Unity environment with package version 2.1.0-exp.1 and communication version 1.5.0
[2m[36m(pid=2856244)[0m [INFO] Connected to Unity environment with package version 2.1.0-exp.1 and communication version 1.5.0
[2m[36m(pid=2856215)[0m [INFO] Connected to Unity environment with package version 2.1.0-exp.1 and communication version 1.5.0
[2m[36m(pid=2856242)[0m [INFO] Connected to Unity environment with package version 2.1.0-exp.1 and communication version 1.5.0
[2m[36m(pid=2856239)[0m [INFO] Connected to Unity environment with package version 2.1.0-exp.1 and communication version 1.5.0
[2m[36m(pid=2856234)[0m [INFO] Connected new brain: SoccerTwos?team=1
[2m[36m(pid=2856234)[0m [INFO] Connected new brain: SoccerTwos?team=0
[2m[36m(pid=2856244)[0m [INFO] Connected new brain: SoccerTwos?team=1
[2m[36m(pid=2856244)[0m [INFO] Connected new brain: SoccerTwos?team=0
[2m[36m(pid=2856215)[0m [INFO] Connected new brain: SoccerTwos?team=1
[2m[36m(pid=2856215)[0m [INFO] Connected new brain: SoccerTwos?team=0
[2m[36m(pid=2856242)[0m [INFO] Connected new brain: SoccerTwos?team=1
[2m[36m(pid=2856242)[0m [INFO] Connected new brain: SoccerTwos?team=0
[2m[36m(pid=2856239)[0m [INFO] Connected new brain: SoccerTwos?team=1
[2m[36m(pid=2856239)[0m [INFO] Connected new brain: SoccerTwos?team=0
[2m[36m(pid=2856234)[0m [INFO] Connected to Unity environment with package version 2.1.0-exp.1 and communication version 1.5.0
[2m[36m(pid=2856234)[0m [INFO] Connected new brain: SoccerTwos?team=1
[2m[36m(pid=2856234)[0m [INFO] Connected new brain: SoccerTwos?team=0
Result for PPO_SoccerCurriculumAugObsSP_8cbd2_00000:
  {}
  
== Status ==
Memory usage on this node: 9.3/187.1 GiB
Using FIFO scheduling algorithm.
Resources requested: 0/24 CPUs, 0/0 GPUs, 0.0/117.32 GiB heap, 0.0/54.27 GiB objects
Result logdir: /storage/ice1/7/6/ashukla301/drl_soccertwos/soccer-twos-starter/ray_results/PPO_SP_AUGOBS_CURRICULUM
Number of trials: 1/1 (1 ERROR)
+------------------------------------------+----------+-------+
| Trial name                               | status   | loc   |
|------------------------------------------+----------+-------|
| PPO_SoccerCurriculumAugObsSP_8cbd2_00000 | ERROR    |       |
+------------------------------------------+----------+-------+
Number of errored trials: 1
+------------------------------------------+--------------+-------------------------------------------------------------------------------------------------------------------------------------------------------------------------------+
| Trial name                               |   # failures | error file                                                                                                                                                                    |
|------------------------------------------+--------------+-------------------------------------------------------------------------------------------------------------------------------------------------------------------------------|
| PPO_SoccerCurriculumAugObsSP_8cbd2_00000 |            1 | /storage/ice1/7/6/ashukla301/drl_soccertwos/soccer-twos-starter/ray_results/PPO_SP_AUGOBS_CURRICULUM/PPO_SoccerCurriculumAugObsSP_8cbd2_00000_0_2026-04-23_21-33-09/error.txt |
+------------------------------------------+--------------+-------------------------------------------------------------------------------------------------------------------------------------------------------------------------------+

== Status ==
Memory usage on this node: 9.3/187.1 GiB
Using FIFO scheduling algorithm.
Resources requested: 0/24 CPUs, 0/0 GPUs, 0.0/117.32 GiB heap, 0.0/54.27 GiB objects
Result logdir: /storage/ice1/7/6/ashukla301/drl_soccertwos/soccer-twos-starter/ray_results/PPO_SP_AUGOBS_CURRICULUM
Number of trials: 1/1 (1 ERROR)
+------------------------------------------+----------+-------+
| Trial name                               | status   | loc   |
|------------------------------------------+----------+-------|
| PPO_SoccerCurriculumAugObsSP_8cbd2_00000 | ERROR    |       |
+------------------------------------------+----------+-------+
Number of errored trials: 1
+------------------------------------------+--------------+-------------------------------------------------------------------------------------------------------------------------------------------------------------------------------+
| Trial name                               |   # failures | error file                                                                                                                                                                    |
|------------------------------------------+--------------+-------------------------------------------------------------------------------------------------------------------------------------------------------------------------------|
| PPO_SoccerCurriculumAugObsSP_8cbd2_00000 |            1 | /storage/ice1/7/6/ashukla301/drl_soccertwos/soccer-twos-starter/ray_results/PPO_SP_AUGOBS_CURRICULUM/PPO_SoccerCurriculumAugObsSP_8cbd2_00000_0_2026-04-23_21-33-09/error.txt |
+------------------------------------------+--------------+-------------------------------------------------------------------------------------------------------------------------------------------------------------------------------+

Traceback (most recent call last):
  File "train_ppo_sp_augobs_curriculum.py", line 54, in <module>
    analysis = tune.run(
  File "/home/hice1/ashukla301/.conda/envs/soccertwos/lib/python3.8/site-packages/ray/tune/tune.py", line 543, in run
    raise TuneError("Trials did not complete", incomplete_trials)
ray.tune.error.TuneError: ('Trials did not complete', [PPO_SoccerCurriculumAugObsSP_8cbd2_00000])
[2m[33m(raylet)[0m /home/hice1/ashukla301/.conda/envs/soccertwos/lib/python3.8/site-packages/ray/autoscaler/_private/cli_logger.py:57: FutureWarning: Not all Ray CLI dependencies were found. In Ray 1.4+, the Ray CLI, autoscaler, and dashboard will only be usable via `pip install 'ray[default]'`. Please update your install command.
[2m[33m(raylet)[0m   warnings.warn(
---------------------------------------
Begin Slurm Epilog: Apr-23-2026 21:33:24
Job ID:        5055171
User ID:       ashukla301
Account:       coc
Job name:      soc_curaug
Resources:     cpu=12,mem=48G,node=1
Rsrc Used:     cput=00:06:24,vmem=0,walltime=00:00:32,mem=3279312K,energy_used=0
Partition:     pace-cpu
QOS:           coe-ice
Nodes:         atl1-1-03-007-19-1
---------------------------------------
